// Jest Snapshot v1, https://goo.gl/fbAQLP

exports[`<TextInputError /> renders correctly 1`] = `
<Text
  style={
    Array [
      Object {
        "color": "#ffa500",
        "marginBottom": 15,
        "textAlign": "center",
      },
      Object {
        "fontSize": 27,
      },
    ]
  }
/>
`;
